// Jest Snapshot v1, https://goo.gl/fbAQLP

exports[`The Landing section renders 1`] = `
<div>
  <div
    class="animate-fadeInUp mx-auto flex max-w-4xl flex-col items-center gap-10 py-10 md:flex-row md:py-20"
  >
    <div
      class="flex flex-col items-center text-center md:items-start md:text-left md:w-1/2 space-y-6"
    >
      <h1
        class="text-5xl font-extrabold tracking-tight text-gray-900"
      >
        Cook Smarter with AI
      </h1>
      <p
        class="text-lg leading-8 text-gray-600"
      >
        Drop in the ingredients you have on hand and let our AI whip up creative recipes tailored to your dietary needs.
      </p>
      <button
        class="w-fit rounded-md bg-brand-600 px-5 py-3 text-base font-semibold text-white shadow-md transition hover:bg-brand-500 focus-visible:outline focus-visible:outline-2 focus-visible:outline-offset-2 focus-visible:outline-brand-600"
      >
        Get started
      </button>
    </div>
    <div
      class="md:w-1/2"
    >
      <img
        alt="Smart Recipe Generator demo"
        class="rounded-xl shadow-xl"
        data-nimg="1"
        decoding="async"
        height="400"
        loading="lazy"
        src="/_next/image?url=%2Fdemo.gif&w=1200&q=75"
        srcset="/_next/image?url=%2Fdemo.gif&w=640&q=75 1x, /_next/image?url=%2Fdemo.gif&w=1200&q=75 2x"
        style="color: transparent;"
        width="600"
      />
    </div>
  </div>
</div>
`;
